$ playwright test "e2e/site-landmarks.spec.ts" "e2e/home.spec.ts" "e2e/navigation.spec.ts" "--project=chromium" "--workers=2"
[2m[WebServer] [22m[0m[2m[35m$[0m [2m[1mbun run scripts/preview-export.ts[0m

Running 49 tests using 2 workers

(node:5689) Warning: The 'NO_COLOR' env is ignored due to the 'FORCE_COLOR' env being set.
(Use `node --trace-warnings ...` to show where the warning was created)
(node:5688) Warning: The 'NO_COLOR' env is ignored due to the 'FORCE_COLOR' env being set.
(Use `node --trace-warnings ...` to show where the warning was created)
(node:5688) Warning: The 'NO_COLOR' env is ignored due to the 'FORCE_COLOR' env being set.
(Use `node --trace-warnings ...` to show where the warning was created)
(node:5689) Warning: The 'NO_COLOR' env is ignored due to the 'FORCE_COLOR' env being set.
(Use `node --trace-warnings ...` to show where the warning was created)
  ✓   1 [chromium] › e2e/home.spec.ts:7:9 › Localized homepage heading hierarchy › keeps the latest-writing heading below the page title in en (438ms)
  ✓   2 [chromium] › e2e/home.spec.ts:7:9 › Localized homepage heading hierarchy › keeps the latest-writing heading below the page title in zh-tw (515ms)
  ✓   3 [chromium] › e2e/home.spec.ts:7:9 › Localized homepage heading hierarchy › keeps the latest-writing heading below the page title in zh-cn (498ms)
  ✓   4 [chromium] › e2e/home.spec.ts:7:9 › Localized homepage heading hierarchy › keeps the latest-writing heading below the page title in ja (447ms)
  ✓   5 [chromium] › e2e/home.spec.ts:28:9 › Root gateway page › redirects fr-FR browsers to /en @smoke (459ms)
  ✓   6 [chromium] › e2e/home.spec.ts:28:9 › Root gateway page › redirects zh-Hant-TW browsers to /zh-tw (507ms)
  ✓   7 [chromium] › e2e/home.spec.ts:28:9 › Root gateway page › redirects zh-HK browsers to /zh-tw (484ms)
  ✓   8 [chromium] › e2e/home.spec.ts:28:9 › Root gateway page › redirects ja-JP browsers to /ja (436ms)
  ✓   9 [chromium] › e2e/home.spec.ts:28:9 › Root gateway page › redirects zh-CN browsers to /zh-cn (527ms)
  ✓  10 [chromium] › e2e/home.spec.ts:28:9 › Root gateway page › redirects zh-Hans-SG browsers to /zh-cn (512ms)
  ✓  11 [chromium] › e2e/home.spec.ts:38:7 › Root gateway page › keeps the English fallback link without JavaScript (249ms)
  ✓  12 [chromium] › e2e/home.spec.ts:54:7 › English home page (/en) › renders site title in header (324ms)
  ✓  13 [chromium] › e2e/home.spec.ts:58:7 › English home page (/en) › renders hero heading @smoke (422ms)
  ✓  14 [chromium] › e2e/home.spec.ts:62:7 › English home page (/en) › renders primary section cards (426ms)
  ✓  15 [chromium] › e2e/home.spec.ts:67:7 › English home page (/en) › renders at least one entry in latest writing (417ms)
  ✓  16 [chromium] › e2e/home.spec.ts:71:7 › English home page (/en) › renders footer (351ms)
  ✓  17 [chromium] › e2e/home.spec.ts:77:7 › Traditional Chinese home page (/zh-tw) › renders zh-tw h1 @smoke (459ms)
  ✓  18 [chromium] › e2e/home.spec.ts:82:7 › Traditional Chinese home page (/zh-tw) › html[lang] is zh-TW (460ms)
  ✓  19 [chromium] › e2e/navigation.spec.ts:9:7 › Primary navigation › primary navigation omits the explicit Profile link (334ms)
  ✓  20 [chromium] › e2e/navigation.spec.ts:15:7 › Primary navigation › Systems link navigates to /en/systems @smoke (539ms)
  ✓  22 [chromium] › e2e/site-landmarks.spec.ts:6:9 › en/ exposes one main landmark and preserves skip navigation (482ms)
  ✓  21 [chromium] › e2e/navigation.spec.ts:20:7 › Primary navigation › site title navigates to the localized profile from a section page (753ms)
  ✓  24 [chromium] › e2e/site-landmarks.spec.ts:6:9 › en/work exposes one main landmark and preserves skip navigation (547ms)
  ✓  23 [chromium] › e2e/site-landmarks.spec.ts:6:9 › en/systems exposes one main landmark and preserves skip navigation (584ms)
  ✓  26 [chromium] › e2e/site-landmarks.spec.ts:6:9 › en/digests exposes one main landmark and preserves skip navigation (479ms)
  ✓  25 [chromium] › e2e/site-landmarks.spec.ts:6:9 › en/ideas exposes one main landmark and preserves skip navigation (522ms)
  ✓  27 [chromium] › e2e/site-landmarks.spec.ts:6:9 › en/footprint exposes one main landmark and preserves skip navigation (474ms)
  ✓  29 [chromium] › e2e/site-landmarks.spec.ts:6:9 › zh-tw/ exposes one main landmark and preserves skip navigation (403ms)
  ✓  28 [chromium] › e2e/site-landmarks.spec.ts:6:9 › en/ideas/agent-loops exposes one main landmark and preserves skip navigation (976ms)
  ✓  30 [chromium] › e2e/site-landmarks.spec.ts:6:9 › zh-tw/systems exposes one main landmark and preserves skip navigation (580ms)
  ✓  31 [chromium] › e2e/site-landmarks.spec.ts:6:9 › zh-tw/work exposes one main landmark and preserves skip navigation (527ms)
  ✓  32 [chromium] › e2e/site-landmarks.spec.ts:6:9 › zh-tw/ideas exposes one main landmark and preserves skip navigation (525ms)
  ✓  33 [chromium] › e2e/site-landmarks.spec.ts:6:9 › zh-tw/digests exposes one main landmark and preserves skip navigation (535ms)
  ✓  34 [chromium] › e2e/site-landmarks.spec.ts:6:9 › zh-tw/footprint exposes one main landmark and preserves skip navigation (550ms)
  ✓  36 [chromium] › e2e/site-landmarks.spec.ts:6:9 › zh-cn/ exposes one main landmark and preserves skip navigation (427ms)
  ✓  35 [chromium] › e2e/site-landmarks.spec.ts:6:9 › zh-tw/ideas/agent-loops exposes one main landmark and preserves skip navigation (952ms)
  ✓  38 [chromium] › e2e/site-landmarks.spec.ts:6:9 › zh-cn/work exposes one main landmark and preserves skip navigation (489ms)
  ✓  37 [chromium] › e2e/site-landmarks.spec.ts:6:9 › zh-cn/systems exposes one main landmark and preserves skip navigation (552ms)
  ✓  40 [chromium] › e2e/site-landmarks.spec.ts:6:9 › zh-cn/digests exposes one main landmark and preserves skip navigation (555ms)
  ✓  39 [chromium] › e2e/site-landmarks.spec.ts:6:9 › zh-cn/ideas exposes one main landmark and preserves skip navigation (662ms)
  ✓  41 [chromium] › e2e/site-landmarks.spec.ts:6:9 › zh-cn/footprint exposes one main landmark and preserves skip navigation (532ms)
  ✓  43 [chromium] › e2e/site-landmarks.spec.ts:6:9 › ja/ exposes one main landmark and preserves skip navigation (444ms)
  ✓  42 [chromium] › e2e/site-landmarks.spec.ts:6:9 › zh-cn/ideas/agent-loops exposes one main landmark and preserves skip navigation (1.1s)
  ✓  44 [chromium] › e2e/site-landmarks.spec.ts:6:9 › ja/systems exposes one main landmark and preserves skip navigation (577ms)
  ✓  45 [chromium] › e2e/site-landmarks.spec.ts:6:9 › ja/work exposes one main landmark and preserves skip navigation (598ms)
  ✓  46 [chromium] › e2e/site-landmarks.spec.ts:6:9 › ja/ideas exposes one main landmark and preserves skip navigation (643ms)
  ✓  47 [chromium] › e2e/site-landmarks.spec.ts:6:9 › ja/digests exposes one main landmark and preserves skip navigation (497ms)
  ✓  48 [chromium] › e2e/site-landmarks.spec.ts:6:9 › ja/footprint exposes one main landmark and preserves skip navigation (540ms)
  ✓  49 [chromium] › e2e/site-landmarks.spec.ts:6:9 › ja/ideas/agent-loops exposes one main landmark and preserves skip navigation (1.0s)

  49 passed (15.5s)
